[localhost_57018/index.html]
[backblue.gif]
[fade.gif]
[index.html]
[localhost_57018/Content/css8d3c.css]
[localhost_57018/Help.html]
[localhost_57018/index.html]
[localhost_57018/bundles/modernizr5761]
[localhost_57018/fonts/glyphicons-halflings-regular.eot]
[localhost_57018/fonts/glyphicons-halflings-regular.woff]
[localhost_57018/bundles/bootstrap1b68]
[localhost_57018/fonts/glyphicons-halflings-regulard41d.eot]
[localhost_57018/fonts/glyphicons-halflings-regular.ttf]
[localhost_57018/Content/css8d3c.css]
[localhost_57018/Areas/HelpPage/HelpPage.css]
[localhost_57018/Help/Api/GET-api-organizations-organizationId-report-transactions_page_size_startDate_endDate_passportId_accountId_siteId_machineId.html]
[localhost_57018/Help/Api/GET-api-organizations-organizationId-report-transactions-transactionId.html]
[localhost_57018/Help/Api/GET-api-organizations-orgID-machines-mchID-inventory_organizationId_machineId_page_size.html]
[localhost_57018/Help/Api/GET-api-organizations-orgID-machines-mchID-inventory-inventoryID_organizationId_machineId_machineInventoryId.html]
[localhost_57018/Help/Api/GET-api-organizations-orgID-passports-passportId_organizationId.html]
[localhost_57018/Help/Api/GET-api-organizations-orgID-passports_organizationId_page_size.html]
[localhost_57018/Help/Api/GET-api-organizations_page_size.html]
[localhost_57018/Help/Api/GET-api-organizations-organizationId.html]
[localhost_57018/Help/Api/GET-api-organizations-organizationId-sites_page_size.html]
[localhost_57018/Help/Api/GET-api-organizations-organizationId-sites-siteId.html]
[localhost_57018/Help/Api/GET-api-organizations-organizationId-accounts-accountId-sites_page_size.html]
[localhost_57018/Help/Api/GET-api-organizations-orgId-accounts_page_size.html]
[localhost_57018/Help/Api/GET-api-organizations-orgId-accounts-accountId.html]
[localhost_57018/Help/Api/GET-api-organizations-orgID-products-productItemId_organizationId.html]
[localhost_57018/Help/Api/GET-api-organizations-orgID-products_organizationId_page_size.html]
[localhost_57018/Help/Api/GET-api-organizations-organizationId-machines_page_size.html]
[localhost_57018/Help/Api/GET-api-organizations-organizationId-machines-machineId.html]
[localhost_57018/Help/Api/GET-api-organizations-organizationId-sites-siteId-machines_page_size.html]
[localhost_57018/Help.html]
[localhost_57018/Help/Api/GET-api-organizations-organizationId-accounts-accountId-machines_page_size.html]
[localhost_57018/bundles/jquerycdd4]
[localhost_57018/fonts/glyphicons-halflings-regular.svg]
[localhost_57018/Areas/HelpPage/HelpPage.css]
[localhost_57018/Help/ResourceModel4b8e.html]
[localhost_57018/Help/ResourceModel3cb7.html]
[localhost_57018/Help/ResourceModel5e21.html]
[localhost_57018/Help/ResourceModelf04a.html]
[localhost_57018/Help/ResourceModelf10a.html]
[localhost_57018/Help/ResourceModel79d5.html]
[localhost_57018/Help/Api/GET-api-organizations-organizationId-report-transactions_page_size_startDate_endDate_passportId_accountId_siteId_machineId.html]
[localhost_57018/Help/Api/GET-api-organizations-organizationId-report-transactions-transactionId.html]
[localhost_57018/Help/ResourceModel2876.html]
[localhost_57018/Help/ResourceModel47e8.html]
[localhost_57018/Help/Api/GET-api-organizations-orgID-machines-mchID-inventory_organizationId_machineId_page_size.html]
[localhost_57018/Help/Api/GET-api-organizations-orgID-machines-mchID-inventory-inventoryID_organizationId_machineId_machineInventoryId.html]
[localhost_57018/Help/ResourceModel64e7.html]
[localhost_57018/Help/ResourceModel0ad1.html]
[localhost_57018/Help/ResourceModel17d1.html]
[localhost_57018/Help/Api/GET-api-organizations-orgID-passports-passportId_organizationId.html]
[localhost_57018/Help/Api/GET-api-organizations-orgID-passports_organizationId_page_size.html]
[localhost_57018/Help/ResourceModel40a7.html]
[localhost_57018/Help/ResourceModelb874.html]
[localhost_57018/Help/Api/GET-api-organizations_page_size.html]
[localhost_57018/Help/Api/GET-api-organizations-organizationId.html]
[localhost_57018/Help/ResourceModeladef.html]
[localhost_57018/Help/Api/GET-api-organizations-organizationId-sites_page_size.html]
[localhost_57018/Help/Api/GET-api-organizations-organizationId-sites-siteId.html]
[localhost_57018/Help/Api/GET-api-organizations-organizationId-accounts-accountId-sites_page_size.html]
[localhost_57018/Help/ResourceModel0101.html]
[localhost_57018/Help/Api/GET-api-organizations-orgId-accounts_page_size.html]
[localhost_57018/Help/Api/GET-api-organizations-orgId-accounts-accountId.html]
[localhost_57018/Help/ResourceModel95c5.html]
[localhost_57018/Help/ResourceModel9090.html]
[localhost_57018/Help/ResourceModel1a93.html]
[localhost_57018/Help/ResourceModelc6d3.html]
[localhost_57018/Help/Api/GET-api-organizations-orgID-products-productItemId_organizationId.html]
[localhost_57018/Help/Api/GET-api-organizations-orgID-products_organizationId_page_size.html]
[localhost_57018/Help/ResourceModel9059.html]
[localhost_57018/Help/Api/GET-api-organizations-organizationId-machines_page_size.html]
[localhost_57018/Help/Api/GET-api-organizations-organizationId-machines-machineId.html]
[localhost_57018/Help/Api/GET-api-organizations-organizationId-sites-siteId-machines_page_size.html]
[localhost_57018/Help/Api/GET-api-organizations-organizationId-accounts-accountId-machines_page_size.html]
[localhost_57018/Help/ResourceModel4b8e.html]
[localhost_57018/Help/ResourceModel3cb7.html]
[localhost_57018/Help/ResourceModel5e21.html]
[localhost_57018/Help/ResourceModelf04a.html]
[localhost_57018/Help/ResourceModelf10a.html]
[localhost_57018/Help/ResourceModel79d5.html]
[localhost_57018/Help/ResourceModel2876.html]
[localhost_57018/Help/ResourceModel80e1.html]
[localhost_57018/Help/ResourceModele823.html]
[localhost_57018/Help/ResourceModel15c5.html]
[localhost_57018/Help/ResourceModel47e8.html]
[localhost_57018/Help/ResourceModel64e7.html]
[localhost_57018/Help/ResourceModel0965.html]
[localhost_57018/Help/ResourceModel0ad1.html]
[localhost_57018/Help/ResourceModel7c3b.html]
[localhost_57018/Help/ResourceModel17d1.html]
[localhost_57018/Help/ResourceModel40a7.html]
[localhost_57018/Help/ResourceModelb874.html]
[localhost_57018/Help/ResourceModeladef.html]
[localhost_57018/Help/ResourceModel0101.html]
[localhost_57018/Help/ResourceModel95c5.html]
[localhost_57018/Help/ResourceModel9090.html]
[localhost_57018/Help/ResourceModel1a93.html]
[localhost_57018/Help/ResourceModelc6d3.html]
[localhost_57018/Help/ResourceModel9059.html]
[localhost_57018/Help/ResourceModel26e4.html]
[localhost_57018/Help/ResourceModel80e1.html]
[localhost_57018/Help/ResourceModele823.html]
[localhost_57018/Help/ResourceModel8a0e.html]
[localhost_57018/Help/ResourceModel905b.html]
[localhost_57018/Help/ResourceModel1610.html]
[localhost_57018/Help/ResourceModel15c5.html]
[localhost_57018/Help/ResourceModel0965.html]
[localhost_57018/Help/ResourceModel7c3b.html]
[localhost_57018/Help/ResourceModel26e4.html]
[localhost_57018/Help/ResourceModel8a0e.html]
[localhost_57018/Help/ResourceModela298.html]
[localhost_57018/Help/ResourceModel905b.html]
[localhost_57018/Help/ResourceModel1610.html]
[localhost_57018/Help/ResourceModela298.html]
